HAL.hpp:134:18:virtual void touchgfx::HAL::setDisplayOrientation(touchgfx::DisplayOrientation)	0	static
HAL.hpp:362:28:virtual touchgfx::BlitOperations touchgfx::HAL::getBlitCaps()	0	static
HAL.hpp:730:18:virtual bool touchgfx::HAL::sampleKey(uint8_t&)	0	static
HAL.hpp:1175:18:virtual void touchgfx::HAL::taskDelay(uint16_t)	0	static
HAL.hpp:1219:21:virtual touchgfx::DMAType touchgfx::HAL::getDMAType()	0	static
TouchGFXHAL.hpp:31:7:TouchGFXHAL::~TouchGFXHAL()	0	static
TouchGFXHAL.cpp:40:6:virtual void TouchGFXHAL::taskEntry()	8	static
HAL.hpp:674:18:virtual void touchgfx::HAL::backPorchExited()	8	static
TouchGFXHAL.cpp:60:11:virtual uint16_t* TouchGFXHAL::getTFTFrameBuffer() const	0	static
TouchGFXHAL.cpp:75:6:virtual void TouchGFXHAL::setTFTFrameBuffer(uint16_t*)	0	static
TouchGFXHAL.cpp:92:6:virtual void TouchGFXHAL::flushFrameBuffer(const touchgfx::Rect&)	0	static
TouchGFXHAL.cpp:108:6:virtual void TouchGFXHAL::configureInterrupts()	0	static
TouchGFXHAL.cpp:121:6:virtual void TouchGFXHAL::enableInterrupts()	0	static
TouchGFXHAL.cpp:134:6:virtual void TouchGFXHAL::disableInterrupts()	0	static
TouchGFXHAL.cpp:148:6:virtual void TouchGFXHAL::enableLCDControllerInterrupt()	0	static
HAL.hpp:821:18:virtual void touchgfx::HAL::setFrameBufferStartAddresses(void*, void*, void*)	8	static
HAL.hpp:776:18:virtual void touchgfx::HAL::setFrameBufferStartAddress(void*, uint16_t, bool, bool)	32	static
TouchGFXHAL.hpp:100:18:virtual void TouchGFXHAL::flushFrameBuffer()	0	static
TouchGFXHAL.hpp:31:7:virtual TouchGFXHAL::~TouchGFXHAL()	8	static
HAL.hpp:1364:18:virtual void touchgfx::HAL::performDisplayOrientationChange()	12	static
TouchGFXHAL.cpp:29:6:void TouchGFXHAL::initialize()	0	static
