HAL.hpp:134:18:virtual void touchgfx::HAL::setDisplayOrientation(touchgfx::DisplayOrientation)	0	static
HAL.hpp:362:28:virtual touchgfx::BlitOperations touchgfx::HAL::getBlitCaps()	0	static
HAL.hpp:730:18:virtual bool touchgfx::HAL::sampleKey(uint8_t&)	0	static
HAL.hpp:1175:18:virtual void touchgfx::HAL::taskDelay(uint16_t)	0	static
HAL.hpp:1219:21:virtual touchgfx::DMAType touchgfx::HAL::getDMAType()	0	static
TouchGFXGeneratedHAL.cpp:51:6:virtual void TouchGFXGeneratedHAL::configureInterrupts()	0	static
TouchGFXGeneratedHAL.cpp:69:6:virtual void TouchGFXGeneratedHAL::enableLCDControllerInterrupt()	0	static
TouchGFXGeneratedHAL.cpp:80:11:virtual uint16_t* TouchGFXGeneratedHAL::getTFTFrameBuffer() const	0	static
TouchGFXGeneratedHAL.cpp:85:6:virtual void TouchGFXGeneratedHAL::setTFTFrameBuffer(uint16_t*)	0	static
TouchGFXGeneratedHAL.cpp:98:10:virtual uint16_t TouchGFXGeneratedHAL::getTFTCurrentLine()	0	static
TouchGFXGeneratedHAL.hpp:28:7:TouchGFXGeneratedHAL::~TouchGFXGeneratedHAL()	0	static
HAL.hpp:821:18:virtual void touchgfx::HAL::setFrameBufferStartAddresses(void*, void*, void*)	8	static
HAL.hpp:776:18:virtual void touchgfx::HAL::setFrameBufferStartAddress(void*, uint16_t, bool, bool)	32	static
TouchGFXGeneratedHAL.cpp:93:6:virtual void TouchGFXGeneratedHAL::flushFrameBuffer(const touchgfx::Rect&)	0	static
HAL.hpp:674:18:virtual void touchgfx::HAL::backPorchExited()	8	static
TouchGFXGeneratedHAL.hpp:103:18:virtual void TouchGFXGeneratedHAL::flushFrameBuffer()	0	static
TouchGFXGeneratedHAL.hpp:28:7:virtual TouchGFXGeneratedHAL::~TouchGFXGeneratedHAL()	8	static
HAL.hpp:1364:18:virtual void touchgfx::HAL::performDisplayOrientationChange()	12	static
TouchGFXGeneratedHAL.cpp:57:6:virtual void TouchGFXGeneratedHAL::enableInterrupts()	0	static
TouchGFXGeneratedHAL.cpp:63:6:virtual void TouchGFXGeneratedHAL::disableInterrupts()	0	static,ignoring_inline_asm
TouchGFXGeneratedHAL.cpp:33:6:void TouchGFXGeneratedHAL::initialize()	16	static
TouchGFXGeneratedHAL.cpp:121:10:void HAL_LTDC_LineEventCallback(LTDC_HandleTypeDef*)	8	static
